=== Loading dependencies ===
Rscript.exe : Warning 
messages:
In riga:1 car:1
+ & 'C:\Program Files\
R\R-4.5.1\bin\Rscript.
exe' 'c:/Users/Dilet/D
eskto ...
+ ~~~~~~~~~~~~~~~~~~~~
~~~~~~~~~~~~~~~~~~~~~~
~~~~~~~~~~~~~~~~~~~~~~
~~~~~
    + CategoryInfo    
          : NotSpeci  
  fied: (Warning me   
 ssages::String) [    
], RemoteExceptio    n
    + FullyQualifiedE 
   rrorId : NativeCo  
  mmandError
 
1: package 'Formula' 
was built under R 
version 4.5.2 
2: package 'sandwich' 
was built under R 
version 4.5.2 
3: package 'numDeriv' 
was built under R 
version 4.5.2 
=== Sourcing ecoflex modules ===

 ============================================================ 
TEST 1: Hurdle Model on warpbreaks
============================================================ 
Warning message:
In value[[3L]](cond) 
: Hessian inversion 
failed; using 
generalised inverse.
Summary:

 Hurdle Model (threshold = 0, dist = poisson) 
============================================================ 
Call:
hurdle_flex(formula = breaks ~ wool + tension, data = warpbreaks, 
    threshold = 0, dist = "poisson")

Coefficients:
                     Estimate Std. Error z value Pr(>|z|)    
binary_(Intercept)  2.657e+01  0.000e+00     Inf  < 2e-16 ***
binary_woolB        1.349e-08  0.000e+00     Inf  < 2e-16 ***
binary_tensionM     1.373e-08  0.000e+00     Inf  < 2e-16 ***
binary_tensionH     1.373e-08  0.000e+00     Inf  < 2e-16 ***
count_(Intercept)   3.692e+00  4.541e-02  81.299  < 2e-16 ***
count_woolB        -2.060e-01  5.157e-02  -3.994 6.49e-05 ***
count_tensionM     -3.213e-01  6.026e-02  -5.332 9.72e-08 ***
count_tensionH     -5.185e-01  6.396e-02  -8.107 5.21e-16 ***
---
Signif. codes:  0 '***' 0.001 '**' 0.01 '*' 0.05 '.' 0.1 ' ' 1

Log-Likelihood: -242.5 
AIC: 501.1  BIC: 517 
N: 54 
------------------------------------------------------------ 

Predictions (first 6):
[1] 40.12354 40.12354 40.12354 40.12354 40.12354 40.12354

LaTeX output:
\begin{table}[htbp]
\centering
\begin{threeparttable}
\begin{adjustbox}{max width=\textwidth}
\begin{tabular}{lcc}
\toprule
   & Zero/Binary & Count/Hurdle \\
\midrule
  (Intercept) & $26.5661^{***}$ & $3.6920^{***}$ \\
  & (0.0000) & (0.0454) \\
  woolB & $0.0000^{***}$ & $-0.2060^{***}$ \\
  & (0.0000) & (0.0516) \\
  tensionM & $0.0000^{***}$ & $-0.3213^{***}$ \\
  & (0.0000) & (0.0603) \\
  tensionH & $0.0000^{***}$ & $-0.5185^{***}$ \\
  & (0.0000) & (0.0640) \\
\midrule
  Observations & \multicolumn{2}{c}{54} \\
  Log-Likelihood & \multicolumn{2}{c}{-242.53} \\
  AIC & \multicolumn{2}{c}{501.06} \\
  BIC & \multicolumn{2}{c}{516.97} \\
\bottomrule
\end{tabular}
\end{adjustbox}
\begin{tablenotes}[flushleft]
\small
\item $^{***}$p$<$0.001; $^{**}$p$<$0.01; $^{*}$p$<$0.05
\end{tablenotes}
\end{threeparttable}
\end{table} 

 ============================================================ 
TEST 2: Hurdle on mtcars (carb, threshold=2)
============================================================ 

 Hurdle Model (threshold = 2, dist = poisson) 
============================================================ 
Call:
hurdle_flex(formula = carb ~ hp + wt + mpg, data = mtcars, threshold = 2, 
    dist = "poisson")

Coefficients:
                    Estimate Std. Error z value Pr(>|z|)  
binary_(Intercept)  1.937518  12.066715   0.161   0.8724  
binary_hp           0.023186   0.018618   1.245   0.2130  
binary_wt          -0.307127   1.554344  -0.198   0.8434  
binary_mpg         -0.227604   0.350340  -0.650   0.5159  
count_(Intercept)  -4.021760   5.090253  -0.790   0.4295  
count_hp            0.009589   0.004316   2.222   0.0263 *
count_wt            0.016196   0.493083   0.033   0.9738  
count_mpg           0.158654   0.174360   0.910   0.3629  
---
Signif. codes:  0 '***' 0.001 '**' 0.01 '*' 0.05 '.' 0.1 ' ' 1

Log-Likelihood: -30.86 
AIC: 77.72  BIC: 89.45 
N: 32 
------------------------------------------------------------ 

 ============================================================ 
TEST 3: Tobit Type I on mtcars (mpg censored at 15)
============================================================ 

 Tobit Type 1 Model (ml, errors: normal) 
============================================================ 
Call:
tobit_flex(formula = mpg ~ hp + wt + disp, data = mtcars, tobit_type = 1, 
    left = 15)

Coefficients:
             Estimate Std. Error z value Pr(>|z|)    
(Intercept) 41.380353   2.213739  18.693  < 2e-16 ***
hp          -0.046787   0.014406  -3.248  0.00116 ** 
wt          -5.202501   1.038921  -5.008 5.51e-07 ***
disp         0.006618   0.009867   0.671  0.50239    
             0.806978   0.137436   5.872 4.31e-09 ***
---
Signif. codes:  0 '***' 0.001 '**' 0.01 '*' 0.05 '.' 0.1 ' ' 1

Log-Likelihood: -58.62 
AIC: 127.2  BIC: 134.6 
N: 32 
------------------------------------------------------------ 

LaTeX output:
\begin{table}[htbp]
\centering
\caption{Tobit Model -- mtcars}
\label{tab:tobit}
\begin{threeparttable}
\begin{adjustbox}{max width=\textwidth}
\begin{tabular}{lc}
\toprule
   & Tobit Type 1 Model (ml, errors: normal) \\
\midrule
  (Intercept) & $41.3804^{***}$ \\
  & (2.2137) \\
  hp & $-0.0468^{**}$ \\
  & (0.0144) \\
  wt & $-5.2025^{***}$ \\
  & (1.0389) \\
  disp & $0.0066$ \\
  & (0.0099) \\
   & $0.8070^{***}$ \\
  & (0.1374) \\
\midrule
  Observations & 32 \\
  Log-Likelihood & -58.62 \\
  AIC & 127.23 \\
  BIC & 134.56 \\
\bottomrule
\end{tabular}
\end{adjustbox}
\begin{tablenotes}[flushleft]
\small
\item $^{***}$p$<$0.001; $^{**}$p$<$0.01; $^{*}$p$<$0.05
\end{tablenotes}
\end{threeparttable}
\end{table} 

 ============================================================ 
TEST 4: Tobit Type I with t-errors on mtcars
============================================================ 

 Tobit Type 1 Model (ml, errors: t) 
============================================================ 
Call:
tobit_flex(formula = mpg ~ hp + wt, data = mtcars, tobit_type = 1, 
    left = 15, error_dist = "t")

Coefficients:
            Estimate Std. Error z value Pr(>|z|)    
(Intercept) 40.58762    0.57070  71.119  < 2e-16 ***
hp          -0.04050    0.01048  -3.866 0.000111 ***
wt          -4.76269    0.65069  -7.319 2.49e-13 ***
             0.81416    0.13582   5.995 2.04e-09 ***
             8.74302    0.00000     Inf  < 2e-16 ***
---
Signif. codes:  0 '***' 0.001 '**' 0.01 '*' 0.05 '.' 0.1 ' ' 1

Log-Likelihood: -58.84 
AIC: 127.7  BIC: 135 
N: 32 
------------------------------------------------------------ 

 ============================================================ 
TEST 5: IV/2SLS on simulated data
============================================================ 

 IV/GMM Estimation (2sls) 
============================================================ 
Call:
ivgmm_flex(formula = y ~ x | z1 + z2, data = df_iv, method = "2sls")

Coefficients:
            Estimate Std. Error z value Pr(>|z|)    
(Intercept)  1.02989    0.04519   22.79   <2e-16 ***
x            1.98500    0.07401   26.82   <2e-16 ***
---
Signif. codes:  0 '***' 0.001 '**' 0.01 '*' 0.05 '.' 0.1 ' ' 1

Log-Likelihood: -711 
AIC: 7.071  BIC: 15.5 
N: 500 
------------------------------------------------------------ 

Diagnostics:
  Weak IV F-stat: NA 98.39639 
  Sargan-Hansen J: 0.1140485  p = 0.7355812 

LaTeX output:
\begin{table}[htbp]
\centering
\begin{threeparttable}
\begin{adjustbox}{max width=\textwidth}
\begin{tabular}{lc}
\toprule
   & IV/GMM Estimation (2sls) \\
\midrule
  (Intercept) & $1.0299^{***}$ \\
  & (0.0452) \\
  x & $1.9850^{***}$ \\
  & (0.0740) \\
\midrule
  Observations & 500 \\
  Log-Likelihood & -711.00 \\
  AIC & 7.07 \\
  BIC & 15.50 \\
\bottomrule
\end{tabular}
\end{adjustbox}
\begin{tablenotes}[flushleft]
\small
\item $^{***}$p$<$0.001; $^{**}$p$<$0.01; $^{*}$p$<$0.05
\end{tablenotes}
\end{threeparttable}
\end{table} 

 ============================================================ 
TEST 6: Sharp RDD on simulated data
============================================================ 

 RDD (sharp, p=1/1, kernel=triangular) 
============================================================ 
Call:
rdd_flex(formula = y ~ x, data = df_rdd, cutoff = 0, type = "sharp")

Coefficients:
    Estimate Std. Error z value Pr(>|z|)    
tau   3.4885     0.1898   18.38   <2e-16 ***
---
Signif. codes:  0 '***' 0.001 '**' 0.01 '*' 0.05 '.' 0.1 ' ' 1
N: 1000 
------------------------------------------------------------ 

Manipulation test:
$statistic
[1] -0.6666667

$p.value
[1] 0.5049851

$n_left
[1] 20

$n_right
[1] 16

$bandwidth
[1] 0.03995757

$method
[1] "cattaneo"


LaTeX output:
\begin{table}[htbp]
\centering
\begin{threeparttable}
\begin{adjustbox}{max width=\textwidth}
\begin{tabular}{lc}
\toprule
   & RDD (sharp, p=1/1, kernel=triangular) \\
\midrule
  tau & $3.4885^{***}$ \\
  & (0.1898) \\
\midrule
  Observations & 1000 \\
\bottomrule
\end{tabular}
\end{adjustbox}
\begin{tablenotes}[flushleft]
\small
\item $^{***}$p$<$0.001; $^{**}$p$<$0.01; $^{*}$p$<$0.05
\end{tablenotes}
\end{threeparttable}
\end{table} 

 ============================================================ 
TEST 7: Heckman Selection (two-step)
============================================================ 
Error in model.frame.d
efault(formula = 
y_selection ~ 
X_selection - 1,  : 
  invalid type (NULL) 
for variable 
'y_selection'
Calls: heckman_flex 
... glm -> eval -> 
eval -> <Anonymous> 
-> model.frame.default
Execution halted
